// Jest Snapshot v1, https://goo.gl/fbAQLP

exports[`snapshot 1`] = `
<View
  style={
    Array [
      Object {
        "flex": 1,
      },
      Object {
        "alignItems": "center",
        "backgroundColor": "#fff",
        "justifyContent": "center",
      },
    ]
  }
>
  <View
    style={
      Array [
        Object {
          "height": 320,
          "justifyContent": "space-between",
        },
        Object {
          "alignItems": "center",
          "backgroundColor": "#fff",
          "justifyContent": "center",
        },
      ]
    }
  >
    <View
      style={
        Object {
          "backgroundColor": "#F2F2F2",
          "borderRadius": 12,
          "flexDirection": "row",
          "justifyContent": "space-between",
          "marginBottom": 32,
          "paddingHorizontal": 16,
          "paddingVertical": 12,
          "width": 702,
        }
      }
    >
      <TextInput
        autoCapitalize="none"
        autoCorrect={false}
        onChangeText={[Function]}
        placeholder="Search for a show"
        style={
          Object {
            "color": "#191D30",
            "flex": 1,
            "fontFamily": "Poppins-SemiBold",
            "fontSize": 16,
          }
        }
        testID="search"
      />
      <View
        accessibilityState={
          Object {
            "disabled": true,
          }
        }
        accessible={true}
        collapsable={false}
        focusable={true}
        onClick={[Function]}
        onResponderGrant={[Function]}
        onResponderMove={[Function]}
        onResponderRelease={[Function]}
        onResponderTerminate={[Function]}
        onResponderTerminationRequest={[Function]}
        onStartShouldSetResponder={[Function]}
        style={
          Object {
            "alignItems": "center",
            "alignSelf": "center",
            "backgroundColor": "#848A94",
            "borderRadius": 16,
            "height": 32,
            "justifyContent": "center",
            "marginLeft": 12,
            "opacity": 1,
            "padding": 10,
            "width": 32,
            "zIndex": 2,
          }
        }
      >
        <SvgMock
          stroke="#fff"
          testID="searchicon"
        />
      </View>
    </View>
  </View>
</View>
`;
